Vivado Simulator v2023.1
Copyright 1986-2022 Xilinx, Inc. All Rights Reserved.
Copyright 2022-2023 Advanced Micro Devices, Inc. All Rights Reserved.
Running: /home/pradyumna/xilinx/Vivado/2023.1/bin/unwrapped/lnx64.o/xelab --incr --debug typical --relax --mt 8 -L xil_defaultlib -L unisims_ver -L unimacro_ver -L secureip --snapshot tb_gen_behav xil_defaultlib.tb_gen xil_defaultlib.glbl -log elaborate.log 
Using 8 slave threads.
Starting static elaboration
Pass Through NonSizing Optimizer
Completed static elaboration
Starting simulation data flow analysis
WARNING: [XSIM 43-4099] "/home/pradyumna/Documents/sem8/ASIC/project/LDPC_ASIC/vivado_proj/vivado_proj.srcs/sources_1/imports/Controller_Added/top.v" Line 18. Module top doesn't have a timescale but at least one module in design has a timescale.
WARNING: [XSIM 43-4099] "/home/pradyumna/Documents/sem8/ASIC/project/LDPC_ASIC/vivado_proj/vivado_proj.srcs/sources_1/imports/Controller_Added/controller.v" Line 33. Module controller doesn't have a timescale but at least one module in design has a timescale.
WARNING: [XSIM 43-4099] "/home/pradyumna/Documents/sem8/ASIC/project/LDPC_ASIC/vivado_proj/vivado_proj.srcs/sources_1/imports/Controller_Added/gen.v" Line 1. Module gen_default doesn't have a timescale but at least one module in design has a timescale.
WARNING: [XSIM 43-4099] "/home/pradyumna/Documents/sem8/ASIC/project/LDPC_ASIC/vivado_proj/vivado_proj.srcs/sources_1/imports/Controller_Added/PE.v" Line 1. Module PE_default doesn't have a timescale but at least one module in design has a timescale.
WARNING: [XSIM 43-4099] "/home/pradyumna/Documents/sem8/ASIC/project/LDPC_ASIC/vivado_proj/vivado_proj.srcs/sources_1/imports/Controller_Added/Lvc_mem.v" Line 1. Module Lvc_mem doesn't have a timescale but at least one module in design has a timescale.
WARNING: [XSIM 43-4099] "/home/pradyumna/Documents/sem8/ASIC/project/LDPC_ASIC/vivado_proj/vivado_proj.srcs/sources_1/imports/Controller_Added/VN_Update.v" Line 1. Module VN_Update doesn't have a timescale but at least one module in design has a timescale.
WARNING: [XSIM 43-4099] "/home/pradyumna/Documents/sem8/ASIC/project/LDPC_ASIC/vivado_proj/vivado_proj.srcs/sources_1/imports/Controller_Added/VN_Update.v" Line 1. Module VN_Update doesn't have a timescale but at least one module in design has a timescale.
WARNING: [XSIM 43-4099] "/home/pradyumna/Documents/sem8/ASIC/project/LDPC_ASIC/vivado_proj/vivado_proj.srcs/sources_1/imports/Controller_Added/VN_Update.v" Line 1. Module VN_Update doesn't have a timescale but at least one module in design has a timescale.
WARNING: [XSIM 43-4099] "/home/pradyumna/Documents/sem8/ASIC/project/LDPC_ASIC/vivado_proj/vivado_proj.srcs/sources_1/imports/Controller_Added/PE.v" Line 1. Module PE_default doesn't have a timescale but at least one module in design has a timescale.
WARNING: [XSIM 43-4099] "/home/pradyumna/Documents/sem8/ASIC/project/LDPC_ASIC/vivado_proj/vivado_proj.srcs/sources_1/imports/Controller_Added/Lvc_mem.v" Line 1. Module Lvc_mem doesn't have a timescale but at least one module in design has a timescale.
WARNING: [XSIM 43-4099] "/home/pradyumna/Documents/sem8/ASIC/project/LDPC_ASIC/vivado_proj/vivado_proj.srcs/sources_1/imports/Controller_Added/VN_Update.v" Line 1. Module VN_Update doesn't have a timescale but at least one module in design has a timescale.
WARNING: [XSIM 43-4099] "/home/pradyumna/Documents/sem8/ASIC/project/LDPC_ASIC/vivado_proj/vivado_proj.srcs/sources_1/imports/Controller_Added/VN_Update.v" Line 1. Module VN_Update doesn't have a timescale but at least one module in design has a timescale.
WARNING: [XSIM 43-4099] "/home/pradyumna/Documents/sem8/ASIC/project/LDPC_ASIC/vivado_proj/vivado_proj.srcs/sources_1/imports/Controller_Added/VN_Update.v" Line 1. Module VN_Update doesn't have a timescale but at least one module in design has a timescale.
WARNING: [XSIM 43-4099] "/home/pradyumna/Documents/sem8/ASIC/project/LDPC_ASIC/vivado_proj/vivado_proj.srcs/sources_1/imports/Controller_Added/PE.v" Line 1. Module PE_default doesn't have a timescale but at least one module in design has a timescale.
WARNING: [XSIM 43-4099] "/home/pradyumna/Documents/sem8/ASIC/project/LDPC_ASIC/vivado_proj/vivado_proj.srcs/sources_1/imports/Controller_Added/Lvc_mem.v" Line 1. Module Lvc_mem doesn't have a timescale but at least one module in design has a timescale.
WARNING: [XSIM 43-4099] "/home/pradyumna/Documents/sem8/ASIC/project/LDPC_ASIC/vivado_proj/vivado_proj.srcs/sources_1/imports/Controller_Added/VN_Update.v" Line 1. Module VN_Update doesn't have a timescale but at least one module in design has a timescale.
WARNING: [XSIM 43-4099] "/home/pradyumna/Documents/sem8/ASIC/project/LDPC_ASIC/vivado_proj/vivado_proj.srcs/sources_1/imports/Controller_Added/VN_Update.v" Line 1. Module VN_Update doesn't have a timescale but at least one module in design has a timescale.
WARNING: [XSIM 43-4099] "/home/pradyumna/Documents/sem8/ASIC/project/LDPC_ASIC/vivado_proj/vivado_proj.srcs/sources_1/imports/Controller_Added/VN_Update.v" Line 1. Module VN_Update doesn't have a timescale but at least one module in design has a timescale.
WARNING: [XSIM 43-4099] "/home/pradyumna/Documents/sem8/ASIC/project/LDPC_ASIC/vivado_proj/vivado_proj.srcs/sources_1/imports/Controller_Added/PE.v" Line 1. Module PE_default doesn't have a timescale but at least one module in design has a timescale.
WARNING: [XSIM 43-4099] "/home/pradyumna/Documents/sem8/ASIC/project/LDPC_ASIC/vivado_proj/vivado_proj.srcs/sources_1/imports/Controller_Added/Lvc_mem.v" Line 1. Module Lvc_mem doesn't have a timescale but at least one module in design has a timescale.
WARNING: [XSIM 43-4099] "/home/pradyumna/Documents/sem8/ASIC/project/LDPC_ASIC/vivado_proj/vivado_proj.srcs/sources_1/imports/Controller_Added/VN_Update.v" Line 1. Module VN_Update doesn't have a timescale but at least one module in design has a timescale.
WARNING: [XSIM 43-4099] "/home/pradyumna/Documents/sem8/ASIC/project/LDPC_ASIC/vivado_proj/vivado_proj.srcs/sources_1/imports/Controller_Added/VN_Update.v" Line 1. Module VN_Update doesn't have a timescale but at least one module in design has a timescale.
WARNING: [XSIM 43-4099] "/home/pradyumna/Documents/sem8/ASIC/project/LDPC_ASIC/vivado_proj/vivado_proj.srcs/sources_1/imports/Controller_Added/VN_Update.v" Line 1. Module VN_Update doesn't have a timescale but at least one module in design has a timescale.
WARNING: [XSIM 43-4099] "/home/pradyumna/Documents/sem8/ASIC/project/LDPC_ASIC/vivado_proj/vivado_proj.srcs/sources_1/imports/Controller_Added/PE.v" Line 1. Module PE_default doesn't have a timescale but at least one module in design has a timescale.
WARNING: [XSIM 43-4099] "/home/pradyumna/Documents/sem8/ASIC/project/LDPC_ASIC/vivado_proj/vivado_proj.srcs/sources_1/imports/Controller_Added/Lvc_mem.v" Line 1. Module Lvc_mem doesn't have a timescale but at least one module in design has a timescale.
WARNING: [XSIM 43-4099] "/home/pradyumna/Documents/sem8/ASIC/project/LDPC_ASIC/vivado_proj/vivado_proj.srcs/sources_1/imports/Controller_Added/VN_Update.v" Line 1. Module VN_Update doesn't have a timescale but at least one module in design has a timescale.
WARNING: [XSIM 43-4099] "/home/pradyumna/Documents/sem8/ASIC/project/LDPC_ASIC/vivado_proj/vivado_proj.srcs/sources_1/imports/Controller_Added/VN_Update.v" Line 1. Module VN_Update doesn't have a timescale but at least one module in design has a timescale.
WARNING: [XSIM 43-4099] "/home/pradyumna/Documents/sem8/ASIC/project/LDPC_ASIC/vivado_proj/vivado_proj.srcs/sources_1/imports/Controller_Added/VN_Update.v" Line 1. Module VN_Update doesn't have a timescale but at least one module in design has a timescale.
WARNING: [XSIM 43-4099] "/home/pradyumna/Documents/sem8/ASIC/project/LDPC_ASIC/vivado_proj/vivado_proj.srcs/sources_1/imports/Controller_Added/PE.v" Line 1. Module PE_default doesn't have a timescale but at least one module in design has a timescale.
WARNING: [XSIM 43-4099] "/home/pradyumna/Documents/sem8/ASIC/project/LDPC_ASIC/vivado_proj/vivado_proj.srcs/sources_1/imports/Controller_Added/Lvc_mem.v" Line 1. Module Lvc_mem doesn't have a timescale but at least one module in design has a timescale.
WARNING: [XSIM 43-4099] "/home/pradyumna/Documents/sem8/ASIC/project/LDPC_ASIC/vivado_proj/vivado_proj.srcs/sources_1/imports/Controller_Added/VN_Update.v" Line 1. Module VN_Update doesn't have a timescale but at least one module in design has a timescale.
WARNING: [XSIM 43-4099] "/home/pradyumna/Documents/sem8/ASIC/project/LDPC_ASIC/vivado_proj/vivado_proj.srcs/sources_1/imports/Controller_Added/VN_Update.v" Line 1. Module VN_Update doesn't have a timescale but at least one module in design has a timescale.
WARNING: [XSIM 43-4099] "/home/pradyumna/Documents/sem8/ASIC/project/LDPC_ASIC/vivado_proj/vivado_proj.srcs/sources_1/imports/Controller_Added/VN_Update.v" Line 1. Module VN_Update doesn't have a timescale but at least one module in design has a timescale.
WARNING: [XSIM 43-4099] "/home/pradyumna/Documents/sem8/ASIC/project/LDPC_ASIC/vivado_proj/vivado_proj.srcs/sources_1/imports/Controller_Added/PE.v" Line 1. Module PE_default doesn't have a timescale but at least one module in design has a timescale.
WARNING: [XSIM 43-4099] "/home/pradyumna/Documents/sem8/ASIC/project/LDPC_ASIC/vivado_proj/vivado_proj.srcs/sources_1/imports/Controller_Added/Lvc_mem.v" Line 1. Module Lvc_mem doesn't have a timescale but at least one module in design has a timescale.
WARNING: [XSIM 43-4099] "/home/pradyumna/Documents/sem8/ASIC/project/LDPC_ASIC/vivado_proj/vivado_proj.srcs/sources_1/imports/Controller_Added/VN_Update.v" Line 1. Module VN_Update doesn't have a timescale but at least one module in design has a timescale.
WARNING: [XSIM 43-4099] "/home/pradyumna/Documents/sem8/ASIC/project/LDPC_ASIC/vivado_proj/vivado_proj.srcs/sources_1/imports/Controller_Added/VN_Update.v" Line 1. Module VN_Update doesn't have a timescale but at least one module in design has a timescale.
WARNING: [XSIM 43-4099] "/home/pradyumna/Documents/sem8/ASIC/project/LDPC_ASIC/vivado_proj/vivado_proj.srcs/sources_1/imports/Controller_Added/VN_Update.v" Line 1. Module VN_Update doesn't have a timescale but at least one module in design has a timescale.
WARNING: [XSIM 43-4099] "/home/pradyumna/Documents/sem8/ASIC/project/LDPC_ASIC/vivado_proj/vivado_proj.srcs/sources_1/imports/Controller_Added/PE.v" Line 1. Module PE_default doesn't have a timescale but at least one module in design has a timescale.
WARNING: [XSIM 43-4099] "/home/pradyumna/Documents/sem8/ASIC/project/LDPC_ASIC/vivado_proj/vivado_proj.srcs/sources_1/imports/Controller_Added/Lvc_mem.v" Line 1. Module Lvc_mem doesn't have a timescale but at least one module in design has a timescale.
WARNING: [XSIM 43-4099] "/home/pradyumna/Documents/sem8/ASIC/project/LDPC_ASIC/vivado_proj/vivado_proj.srcs/sources_1/imports/Controller_Added/VN_Update.v" Line 1. Module VN_Update doesn't have a timescale but at least one module in design has a timescale.
WARNING: [XSIM 43-4099] "/home/pradyumna/Documents/sem8/ASIC/project/LDPC_ASIC/vivado_proj/vivado_proj.srcs/sources_1/imports/Controller_Added/VN_Update.v" Line 1. Module VN_Update doesn't have a timescale but at least one module in design has a timescale.
WARNING: [XSIM 43-4099] "/home/pradyumna/Documents/sem8/ASIC/project/LDPC_ASIC/vivado_proj/vivado_proj.srcs/sources_1/imports/Controller_Added/VN_Update.v" Line 1. Module VN_Update doesn't have a timescale but at least one module in design has a timescale.
WARNING: [XSIM 43-4099] "/home/pradyumna/Documents/sem8/ASIC/project/LDPC_ASIC/vivado_proj/vivado_proj.srcs/sources_1/imports/Controller_Added/PE.v" Line 1. Module PE_default doesn't have a timescale but at least one module in design has a timescale.
WARNING: [XSIM 43-4099] "/home/pradyumna/Documents/sem8/ASIC/project/LDPC_ASIC/vivado_proj/vivado_proj.srcs/sources_1/imports/Controller_Added/Lvc_mem.v" Line 1. Module Lvc_mem doesn't have a timescale but at least one module in design has a timescale.
WARNING: [XSIM 43-4099] "/home/pradyumna/Documents/sem8/ASIC/project/LDPC_ASIC/vivado_proj/vivado_proj.srcs/sources_1/imports/Controller_Added/VN_Update.v" Line 1. Module VN_Update doesn't have a timescale but at least one module in design has a timescale.
WARNING: [XSIM 43-4099] "/home/pradyumna/Documents/sem8/ASIC/project/LDPC_ASIC/vivado_proj/vivado_proj.srcs/sources_1/imports/Controller_Added/VN_Update.v" Line 1. Module VN_Update doesn't have a timescale but at least one module in design has a timescale.
WARNING: [XSIM 43-4099] "/home/pradyumna/Documents/sem8/ASIC/project/LDPC_ASIC/vivado_proj/vivado_proj.srcs/sources_1/imports/Controller_Added/VN_Update.v" Line 1. Module VN_Update doesn't have a timescale but at least one module in design has a timescale.
WARNING: [XSIM 43-4099] "/home/pradyumna/Documents/sem8/ASIC/project/LDPC_ASIC/vivado_proj/vivado_proj.srcs/sources_1/imports/Controller_Added/PE.v" Line 1. Module PE_default doesn't have a timescale but at least one module in design has a timescale.
WARNING: [XSIM 43-4099] "/home/pradyumna/Documents/sem8/ASIC/project/LDPC_ASIC/vivado_proj/vivado_proj.srcs/sources_1/imports/Controller_Added/Lvc_mem.v" Line 1. Module Lvc_mem doesn't have a timescale but at least one module in design has a timescale.
WARNING: [XSIM 43-4099] "/home/pradyumna/Documents/sem8/ASIC/project/LDPC_ASIC/vivado_proj/vivado_proj.srcs/sources_1/imports/Controller_Added/VN_Update.v" Line 1. Module VN_Update doesn't have a timescale but at least one module in design has a timescale.
WARNING: [XSIM 43-4099] "/home/pradyumna/Documents/sem8/ASIC/project/LDPC_ASIC/vivado_proj/vivado_proj.srcs/sources_1/imports/Controller_Added/VN_Update.v" Line 1. Module VN_Update doesn't have a timescale but at least one module in design has a timescale.
WARNING: [XSIM 43-4099] "/home/pradyumna/Documents/sem8/ASIC/project/LDPC_ASIC/vivado_proj/vivado_proj.srcs/sources_1/imports/Controller_Added/VN_Update.v" Line 1. Module VN_Update doesn't have a timescale but at least one module in design has a timescale.
WARNING: [XSIM 43-4099] "/home/pradyumna/Documents/sem8/ASIC/project/LDPC_ASIC/vivado_proj/vivado_proj.srcs/sources_1/imports/Controller_Added/PE.v" Line 1. Module PE_default doesn't have a timescale but at least one module in design has a timescale.
WARNING: [XSIM 43-4099] "/home/pradyumna/Documents/sem8/ASIC/project/LDPC_ASIC/vivado_proj/vivado_proj.srcs/sources_1/imports/Controller_Added/Lvc_mem.v" Line 1. Module Lvc_mem doesn't have a timescale but at least one module in design has a timescale.
WARNING: [XSIM 43-4099] "/home/pradyumna/Documents/sem8/ASIC/project/LDPC_ASIC/vivado_proj/vivado_proj.srcs/sources_1/imports/Controller_Added/VN_Update.v" Line 1. Module VN_Update doesn't have a timescale but at least one module in design has a timescale.
WARNING: [XSIM 43-4099] "/home/pradyumna/Documents/sem8/ASIC/project/LDPC_ASIC/vivado_proj/vivado_proj.srcs/sources_1/imports/Controller_Added/VN_Update.v" Line 1. Module VN_Update doesn't have a timescale but at least one module in design has a timescale.
WARNING: [XSIM 43-4099] "/home/pradyumna/Documents/sem8/ASIC/project/LDPC_ASIC/vivado_proj/vivado_proj.srcs/sources_1/imports/Controller_Added/VN_Update.v" Line 1. Module VN_Update doesn't have a timescale but at least one module in design has a timescale.
WARNING: [XSIM 43-4099] "/home/pradyumna/Documents/sem8/ASIC/project/LDPC_ASIC/vivado_proj/vivado_proj.srcs/sources_1/imports/Controller_Added/PE.v" Line 1. Module PE_default doesn't have a timescale but at least one module in design has a timescale.
WARNING: [XSIM 43-4099] "/home/pradyumna/Documents/sem8/ASIC/project/LDPC_ASIC/vivado_proj/vivado_proj.srcs/sources_1/imports/Controller_Added/Lvc_mem.v" Line 1. Module Lvc_mem doesn't have a timescale but at least one module in design has a timescale.
WARNING: [XSIM 43-4099] "/home/pradyumna/Documents/sem8/ASIC/project/LDPC_ASIC/vivado_proj/vivado_proj.srcs/sources_1/imports/Controller_Added/VN_Update.v" Line 1. Module VN_Update doesn't have a timescale but at least one module in design has a timescale.
WARNING: [XSIM 43-4099] "/home/pradyumna/Documents/sem8/ASIC/project/LDPC_ASIC/vivado_proj/vivado_proj.srcs/sources_1/imports/Controller_Added/VN_Update.v" Line 1. Module VN_Update doesn't have a timescale but at least one module in design has a timescale.
WARNING: [XSIM 43-4099] "/home/pradyumna/Documents/sem8/ASIC/project/LDPC_ASIC/vivado_proj/vivado_proj.srcs/sources_1/imports/Controller_Added/VN_Update.v" Line 1. Module VN_Update doesn't have a timescale but at least one module in design has a timescale.
WARNING: [XSIM 43-4099] "/home/pradyumna/Documents/sem8/ASIC/project/LDPC_ASIC/vivado_proj/vivado_proj.srcs/sources_1/imports/Controller_Added/top.v" Line 18. Module top doesn't have a timescale but at least one module in design has a timescale.
WARNING: [XSIM 43-4099] "/home/pradyumna/Documents/sem8/ASIC/project/LDPC_ASIC/vivado_proj/vivado_proj.srcs/sources_1/imports/Controller_Added/controller.v" Line 33. Module controller doesn't have a timescale but at least one module in design has a timescale.
WARNING: [XSIM 43-4099] "/home/pradyumna/Documents/sem8/ASIC/project/LDPC_ASIC/vivado_proj/vivado_proj.srcs/sources_1/imports/Controller_Added/gen.v" Line 1. Module gen_default doesn't have a timescale but at least one module in design has a timescale.
WARNING: [XSIM 43-4099] "/home/pradyumna/Documents/sem8/ASIC/project/LDPC_ASIC/vivado_proj/vivado_proj.srcs/sources_1/imports/Controller_Added/PE.v" Line 1. Module PE_default doesn't have a timescale but at least one module in design has a timescale.
WARNING: [XSIM 43-4099] "/home/pradyumna/Documents/sem8/ASIC/project/LDPC_ASIC/vivado_proj/vivado_proj.srcs/sources_1/imports/Controller_Added/Lvc_mem.v" Line 1. Module Lvc_mem doesn't have a timescale but at least one module in design has a timescale.
WARNING: [XSIM 43-4099] "/home/pradyumna/Documents/sem8/ASIC/project/LDPC_ASIC/vivado_proj/vivado_proj.srcs/sources_1/imports/Controller_Added/VN_Update.v" Line 1. Module VN_Update doesn't have a timescale but at least one module in design has a timescale.
WARNING: [XSIM 43-4099] "/home/pradyumna/Documents/sem8/ASIC/project/LDPC_ASIC/vivado_proj/vivado_proj.srcs/sources_1/imports/Controller_Added/VN_Update.v" Line 1. Module VN_Update doesn't have a timescale but at least one module in design has a timescale.
WARNING: [XSIM 43-4099] "/home/pradyumna/Documents/sem8/ASIC/project/LDPC_ASIC/vivado_proj/vivado_proj.srcs/sources_1/imports/Controller_Added/VN_Update.v" Line 1. Module VN_Update doesn't have a timescale but at least one module in design has a timescale.
WARNING: [XSIM 43-4099] "/home/pradyumna/Documents/sem8/ASIC/project/LDPC_ASIC/vivado_proj/vivado_proj.srcs/sources_1/imports/Controller_Added/PE.v" Line 1. Module PE_default doesn't have a timescale but at least one module in design has a timescale.
WARNING: [XSIM 43-4099] "/home/pradyumna/Documents/sem8/ASIC/project/LDPC_ASIC/vivado_proj/vivado_proj.srcs/sources_1/imports/Controller_Added/Lvc_mem.v" Line 1. Module Lvc_mem doesn't have a timescale but at least one module in design has a timescale.
WARNING: [XSIM 43-4099] "/home/pradyumna/Documents/sem8/ASIC/project/LDPC_ASIC/vivado_proj/vivado_proj.srcs/sources_1/imports/Controller_Added/VN_Update.v" Line 1. Module VN_Update doesn't have a timescale but at least one module in design has a timescale.
WARNING: [XSIM 43-4099] "/home/pradyumna/Documents/sem8/ASIC/project/LDPC_ASIC/vivado_proj/vivado_proj.srcs/sources_1/imports/Controller_Added/VN_Update.v" Line 1. Module VN_Update doesn't have a timescale but at least one module in design has a timescale.
WARNING: [XSIM 43-4099] "/home/pradyumna/Documents/sem8/ASIC/project/LDPC_ASIC/vivado_proj/vivado_proj.srcs/sources_1/imports/Controller_Added/VN_Update.v" Line 1. Module VN_Update doesn't have a timescale but at least one module in design has a timescale.
WARNING: [XSIM 43-4099] "/home/pradyumna/Documents/sem8/ASIC/project/LDPC_ASIC/vivado_proj/vivado_proj.srcs/sources_1/imports/Controller_Added/PE.v" Line 1. Module PE_default doesn't have a timescale but at least one module in design has a timescale.
WARNING: [XSIM 43-4099] "/home/pradyumna/Documents/sem8/ASIC/project/LDPC_ASIC/vivado_proj/vivado_proj.srcs/sources_1/imports/Controller_Added/Lvc_mem.v" Line 1. Module Lvc_mem doesn't have a timescale but at least one module in design has a timescale.
WARNING: [XSIM 43-4099] "/home/pradyumna/Documents/sem8/ASIC/project/LDPC_ASIC/vivado_proj/vivado_proj.srcs/sources_1/imports/Controller_Added/VN_Update.v" Line 1. Module VN_Update doesn't have a timescale but at least one module in design has a timescale.
WARNING: [XSIM 43-4099] "/home/pradyumna/Documents/sem8/ASIC/project/LDPC_ASIC/vivado_proj/vivado_proj.srcs/sources_1/imports/Controller_Added/VN_Update.v" Line 1. Module VN_Update doesn't have a timescale but at least one module in design has a timescale.
WARNING: [XSIM 43-4099] "/home/pradyumna/Documents/sem8/ASIC/project/LDPC_ASIC/vivado_proj/vivado_proj.srcs/sources_1/imports/Controller_Added/VN_Update.v" Line 1. Module VN_Update doesn't have a timescale but at least one module in design has a timescale.
WARNING: [XSIM 43-4099] "/home/pradyumna/Documents/sem8/ASIC/project/LDPC_ASIC/vivado_proj/vivado_proj.srcs/sources_1/imports/Controller_Added/PE.v" Line 1. Module PE_default doesn't have a timescale but at least one module in design has a timescale.
WARNING: [XSIM 43-4099] "/home/pradyumna/Documents/sem8/ASIC/project/LDPC_ASIC/vivado_proj/vivado_proj.srcs/sources_1/imports/Controller_Added/Lvc_mem.v" Line 1. Module Lvc_mem doesn't have a timescale but at least one module in design has a timescale.
WARNING: [XSIM 43-4099] "/home/pradyumna/Documents/sem8/ASIC/project/LDPC_ASIC/vivado_proj/vivado_proj.srcs/sources_1/imports/Controller_Added/VN_Update.v" Line 1. Module VN_Update doesn't have a timescale but at least one module in design has a timescale.
WARNING: [XSIM 43-4099] "/home/pradyumna/Documents/sem8/ASIC/project/LDPC_ASIC/vivado_proj/vivado_proj.srcs/sources_1/imports/Controller_Added/VN_Update.v" Line 1. Module VN_Update doesn't have a timescale but at least one module in design has a timescale.
WARNING: [XSIM 43-4099] "/home/pradyumna/Documents/sem8/ASIC/project/LDPC_ASIC/vivado_proj/vivado_proj.srcs/sources_1/imports/Controller_Added/VN_Update.v" Line 1. Module VN_Update doesn't have a timescale but at least one module in design has a timescale.
WARNING: [XSIM 43-4099] "/home/pradyumna/Documents/sem8/ASIC/project/LDPC_ASIC/vivado_proj/vivado_proj.srcs/sources_1/imports/Controller_Added/PE.v" Line 1. Module PE_default doesn't have a timescale but at least one module in design has a timescale.
WARNING: [XSIM 43-4099] "/home/pradyumna/Documents/sem8/ASIC/project/LDPC_ASIC/vivado_proj/vivado_proj.srcs/sources_1/imports/Controller_Added/Lvc_mem.v" Line 1. Module Lvc_mem doesn't have a timescale but at least one module in design has a timescale.
WARNING: [XSIM 43-4099] "/home/pradyumna/Documents/sem8/ASIC/project/LDPC_ASIC/vivado_proj/vivado_proj.srcs/sources_1/imports/Controller_Added/VN_Update.v" Line 1. Module VN_Update doesn't have a timescale but at least one module in design has a timescale.
WARNING: [XSIM 43-4099] "/home/pradyumna/Documents/sem8/ASIC/project/LDPC_ASIC/vivado_proj/vivado_proj.srcs/sources_1/imports/Controller_Added/VN_Update.v" Line 1. Module VN_Update doesn't have a timescale but at least one module in design has a timescale.
WARNING: [XSIM 43-4099] "/home/pradyumna/Documents/sem8/ASIC/project/LDPC_ASIC/vivado_proj/vivado_proj.srcs/sources_1/imports/Controller_Added/VN_Update.v" Line 1. Module VN_Update doesn't have a timescale but at least one module in design has a timescale.
WARNING: [XSIM 43-4099] "/home/pradyumna/Documents/sem8/ASIC/project/LDPC_ASIC/vivado_proj/vivado_proj.srcs/sources_1/imports/Controller_Added/PE.v" Line 1. Module PE_default doesn't have a timescale but at least one module in design has a timescale.
WARNING: [XSIM 43-4099] "/home/pradyumna/Documents/sem8/ASIC/project/LDPC_ASIC/vivado_proj/vivado_proj.srcs/sources_1/imports/Controller_Added/Lvc_mem.v" Line 1. Module Lvc_mem doesn't have a timescale but at least one module in design has a timescale.
WARNING: [XSIM 43-4099] "/home/pradyumna/Documents/sem8/ASIC/project/LDPC_ASIC/vivado_proj/vivado_proj.srcs/sources_1/imports/Controller_Added/VN_Update.v" Line 1. Module VN_Update doesn't have a timescale but at least one module in design has a timescale.
WARNING: [XSIM 43-4099] "/home/pradyumna/Documents/sem8/ASIC/project/LDPC_ASIC/vivado_proj/vivado_proj.srcs/sources_1/imports/Controller_Added/VN_Update.v" Line 1. Module VN_Update doesn't have a timescale but at least one module in design has a timescale.
WARNING: [XSIM 43-4099] "/home/pradyumna/Documents/sem8/ASIC/project/LDPC_ASIC/vivado_proj/vivado_proj.srcs/sources_1/imports/Controller_Added/VN_Update.v" Line 1. Module VN_Update doesn't have a timescale but at least one module in design has a timescale.
WARNING: [XSIM 43-4099] "/home/pradyumna/Documents/sem8/ASIC/project/LDPC_ASIC/vivado_proj/vivado_proj.srcs/sources_1/imports/Controller_Added/PE.v" Line 1. Module PE_default doesn't have a timescale but at least one module in design has a timescale.
WARNING: [XSIM 43-4099] "/home/pradyumna/Documents/sem8/ASIC/project/LDPC_ASIC/vivado_proj/vivado_proj.srcs/sources_1/imports/Controller_Added/Lvc_mem.v" Line 1. Module Lvc_mem doesn't have a timescale but at least one module in design has a timescale.
WARNING: [XSIM 43-4099] "/home/pradyumna/Documents/sem8/ASIC/project/LDPC_ASIC/vivado_proj/vivado_proj.srcs/sources_1/imports/Controller_Added/VN_Update.v" Line 1. Module VN_Update doesn't have a timescale but at least one module in design has a timescale.
WARNING: [XSIM 43-4099] "/home/pradyumna/Documents/sem8/ASIC/project/LDPC_ASIC/vivado_proj/vivado_proj.srcs/sources_1/imports/Controller_Added/VN_Update.v" Line 1. Module VN_Update doesn't have a timescale but at least one module in design has a timescale.
INFO: [Common 17-14] Message 'XSIM 43-4099' appears 100 times and further instances of the messages will be disabled. Use the Tcl command set_msg_config to change the current settings.
Completed simulation data flow analysis
Time Resolution for simulation is 1ps
Compiling module xil_defaultlib.controller
Compiling module xil_defaultlib.Lvc_mem
Compiling module xil_defaultlib.VN_Update
Compiling module xil_defaultlib.PE_default
Compiling module xil_defaultlib.gen_default
Compiling module xil_defaultlib.top
Compiling module xil_defaultlib.tb_gen
Compiling module xil_defaultlib.glbl
Built simulation snapshot tb_gen_behav
